it/unifi/sam/terreni/weatherSt/services/SensorEndPoint.class
it/unifi/sam/terreni/weatherSt/model/measure/units/utils/RainUnits.class
it/unifi/sam/terreni/weatherSt/model/measure/units/TemperatureUnit_.class
it/unifi/sam/terreni/weatherSt/model/measure/units/DirectionUnit.class
it/unifi/sam/terreni/weatherSt/dao/UnitMeasureFamilyDao.class
it/unifi/sam/terreni/weatherSt/model/sensor/Sensor.class
it/unifi/sam/terreni/weatherSt/model/measure/units/utils/HumidityUnits.class
it/unifi/sam/terreni/weatherSt/model/measure/units/utils/SpeedUnits.class
it/unifi/sam/terreni/weatherSt/model/BaseEntity.class
it/unifi/sam/terreni/weatherSt/model/measure/units/TemperatureUnit.class
it/unifi/sam/terreni/weatherSt/model/usage/UsageVisitor.class
it/unifi/sam/terreni/weatherSt/dao/WeatherStationDao.class
it/unifi/sam/terreni/weatherSt/utils/StringUtils.class
it/unifi/sam/terreni/weatherSt/visitor/ResolveLazyLoadUsageVisitor.class
it/unifi/sam/terreni/weatherSt/model/measure/UnitMeasureFamily_.class
it/unifi/sam/terreni/weatherSt/dao/ValueDao.class
it/unifi/sam/terreni/weatherSt/model/facotry/ModelFactory.class
it/unifi/sam/terreni/weatherSt/model/measure/units/DirectionUnit_.class
it/unifi/sam/terreni/weatherSt/model/measure/units/HumidityUnit_.class
it/unifi/sam/terreni/weatherSt/utils/CheckClass.class
it/unifi/sam/terreni/weatherSt/utils/ErrorServices.class
it/unifi/sam/terreni/weatherSt/model/measure/units/SpeedUnit_.class
it/unifi/sam/terreni/weatherSt/model/measure/units/PressureUnit_.class
it/unifi/sam/terreni/weatherSt/model/measure/units/utils/UVUnits.class
it/unifi/sam/terreni/weatherSt/model/measure/units/RainUnit.class
it/unifi/sam/terreni/weatherSt/param/HttpParam.class
it/unifi/sam/terreni/weatherSt/param/HttpParams.class
it/unifi/sam/terreni/weatherSt/services/WeatherStationEndPoint.class
it/unifi/sam/terreni/weatherSt/model/measure/Measure.class
it/unifi/sam/terreni/weatherSt/model/WeatherStation_.class
it/unifi/sam/terreni/weatherSt/model/measure/UnitMeasureFamily.class
it/unifi/sam/terreni/weatherSt/model/sensor/SensorType.class
it/unifi/sam/terreni/weatherSt/model/measure/units/utils/PressureUnits.class
it/unifi/sam/terreni/weatherSt/dao/SensorDao.class
it/unifi/sam/terreni/weatherSt/model/measure/units/RainUnit_.class
it/unifi/sam/terreni/weatherSt/services/MeasureEndPoint.class
it/unifi/sam/terreni/weatherSt/services/CORSFilter.class
it/unifi/sam/terreni/weatherSt/model/measure/units/utils/DirectionUnits.class
it/unifi/sam/terreni/weatherSt/model/BaseEntity_.class
it/unifi/sam/terreni/weatherSt/model/WeatherStation.class
it/unifi/sam/terreni/weatherSt/model/measure/Measure_.class
it/unifi/sam/terreni/weatherSt/model/measure/units/HumidityUnit.class
it/unifi/sam/terreni/weatherSt/dao/MeasureDao.class
it/unifi/sam/terreni/weatherSt/model/measure/Value_.class
it/unifi/sam/terreni/weatherSt/model/measure/units/SpeedUnit.class
it/unifi/sam/terreni/weatherSt/model/measure/units/UvUnit_.class
it/unifi/sam/terreni/weatherSt/model/measure/units/UvUnit.class
it/unifi/sam/terreni/weatherSt/model/usage/Usage.class
it/unifi/sam/terreni/weatherSt/model/measure/units/PressureUnit.class
it/unifi/sam/terreni/weatherSt/model/sensor/Sensor_.class
it/unifi/sam/terreni/weatherSt/model/measure/Value.class
it/unifi/sam/terreni/weatherSt/model/measure/units/utils/TemperatureUnits.class
