/Users/maurizio/Documents/UNIFI/Magistrale/Software Architectures and Methodologies/project/WeatherSt/src/main/java/it/unifi/sam/terreni/weatherSt/utils/CheckClass.java
/Users/maurizio/Documents/UNIFI/Magistrale/Software Architectures and Methodologies/project/WeatherSt/src/main/java/it/unifi/sam/terreni/weatherSt/dao/SensorDao.java
/Users/maurizio/Documents/UNIFI/Magistrale/Software Architectures and Methodologies/project/WeatherSt/src/main/java/it/unifi/sam/terreni/weatherSt/param/HttpParam.java
/Users/maurizio/Documents/UNIFI/Magistrale/Software Architectures and Methodologies/project/WeatherSt/src/main/java/it/unifi/sam/terreni/weatherSt/model/measure/units/UvUnit.java
/Users/maurizio/Documents/UNIFI/Magistrale/Software Architectures and Methodologies/project/WeatherSt/src/main/java/it/unifi/sam/terreni/weatherSt/model/measure/Measure.java
/Users/maurizio/Documents/UNIFI/Magistrale/Software Architectures and Methodologies/project/WeatherSt/src/main/java/it/unifi/sam/terreni/weatherSt/model/measure/units/TemperatureUnit.java
/Users/maurizio/Documents/UNIFI/Magistrale/Software Architectures and Methodologies/project/WeatherSt/src/main/java/it/unifi/sam/terreni/weatherSt/model/usage/UsageVisitor.java
/Users/maurizio/Documents/UNIFI/Magistrale/Software Architectures and Methodologies/project/WeatherSt/src/main/java/it/unifi/sam/terreni/weatherSt/model/measure/Value.java
/Users/maurizio/Documents/UNIFI/Magistrale/Software Architectures and Methodologies/project/WeatherSt/src/main/java/it/unifi/sam/terreni/weatherSt/services/SensorEndPoint.java
/Users/maurizio/Documents/UNIFI/Magistrale/Software Architectures and Methodologies/project/WeatherSt/src/main/java/it/unifi/sam/terreni/weatherSt/services/CORSFilter.java
/Users/maurizio/Documents/UNIFI/Magistrale/Software Architectures and Methodologies/project/WeatherSt/src/main/java/it/unifi/sam/terreni/weatherSt/services/MeasureEndPoint.java
/Users/maurizio/Documents/UNIFI/Magistrale/Software Architectures and Methodologies/project/WeatherSt/src/main/java/it/unifi/sam/terreni/weatherSt/model/sensor/SensorType.java
/Users/maurizio/Documents/UNIFI/Magistrale/Software Architectures and Methodologies/project/WeatherSt/src/main/java/it/unifi/sam/terreni/weatherSt/dao/WeatherStationDao.java
/Users/maurizio/Documents/UNIFI/Magistrale/Software Architectures and Methodologies/project/WeatherSt/src/main/java/it/unifi/sam/terreni/weatherSt/model/measure/units/SpeedUnit.java
/Users/maurizio/Documents/UNIFI/Magistrale/Software Architectures and Methodologies/project/WeatherSt/src/main/java/it/unifi/sam/terreni/weatherSt/param/HttpParams.java
/Users/maurizio/Documents/UNIFI/Magistrale/Software Architectures and Methodologies/project/WeatherSt/src/main/java/it/unifi/sam/terreni/weatherSt/dao/MeasureDao.java
/Users/maurizio/Documents/UNIFI/Magistrale/Software Architectures and Methodologies/project/WeatherSt/src/main/java/it/unifi/sam/terreni/weatherSt/dao/ValueDao.java
/Users/maurizio/Documents/UNIFI/Magistrale/Software Architectures and Methodologies/project/WeatherSt/src/main/java/it/unifi/sam/terreni/weatherSt/utils/ErrorServices.java
/Users/maurizio/Documents/UNIFI/Magistrale/Software Architectures and Methodologies/project/WeatherSt/src/main/java/it/unifi/sam/terreni/weatherSt/model/usage/Usage.java
/Users/maurizio/Documents/UNIFI/Magistrale/Software Architectures and Methodologies/project/WeatherSt/src/main/java/it/unifi/sam/terreni/weatherSt/model/measure/units/utils/RainUnits.java
/Users/maurizio/Documents/UNIFI/Magistrale/Software Architectures and Methodologies/project/WeatherSt/src/main/java/it/unifi/sam/terreni/weatherSt/services/WeatherStationEndPoint.java
/Users/maurizio/Documents/UNIFI/Magistrale/Software Architectures and Methodologies/project/WeatherSt/src/main/java/it/unifi/sam/terreni/weatherSt/model/measure/units/DirectionUnit.java
/Users/maurizio/Documents/UNIFI/Magistrale/Software Architectures and Methodologies/project/WeatherSt/src/main/java/it/unifi/sam/terreni/weatherSt/model/measure/units/HumidityUnit.java
/Users/maurizio/Documents/UNIFI/Magistrale/Software Architectures and Methodologies/project/WeatherSt/src/main/java/it/unifi/sam/terreni/weatherSt/model/measure/units/utils/TemperatureUnits.java
/Users/maurizio/Documents/UNIFI/Magistrale/Software Architectures and Methodologies/project/WeatherSt/src/main/java/it/unifi/sam/terreni/weatherSt/model/WeatherStation.java
/Users/maurizio/Documents/UNIFI/Magistrale/Software Architectures and Methodologies/project/WeatherSt/src/main/java/it/unifi/sam/terreni/weatherSt/visitor/ResolveLazyLoadUsageVisitor.java
/Users/maurizio/Documents/UNIFI/Magistrale/Software Architectures and Methodologies/project/WeatherSt/src/main/java/it/unifi/sam/terreni/weatherSt/model/measure/units/utils/DirectionUnits.java
/Users/maurizio/Documents/UNIFI/Magistrale/Software Architectures and Methodologies/project/WeatherSt/src/main/java/it/unifi/sam/terreni/weatherSt/model/measure/units/PressureUnit.java
/Users/maurizio/Documents/UNIFI/Magistrale/Software Architectures and Methodologies/project/WeatherSt/src/main/java/it/unifi/sam/terreni/weatherSt/model/measure/units/utils/PressureUnits.java
/Users/maurizio/Documents/UNIFI/Magistrale/Software Architectures and Methodologies/project/WeatherSt/src/main/java/it/unifi/sam/terreni/weatherSt/dao/UnitMeasureFamilyDao.java
/Users/maurizio/Documents/UNIFI/Magistrale/Software Architectures and Methodologies/project/WeatherSt/src/main/java/it/unifi/sam/terreni/weatherSt/model/sensor/Sensor.java
/Users/maurizio/Documents/UNIFI/Magistrale/Software Architectures and Methodologies/project/WeatherSt/src/main/java/it/unifi/sam/terreni/weatherSt/utils/StringUtils.java
/Users/maurizio/Documents/UNIFI/Magistrale/Software Architectures and Methodologies/project/WeatherSt/src/main/java/it/unifi/sam/terreni/weatherSt/model/facotry/ModelFactory.java
/Users/maurizio/Documents/UNIFI/Magistrale/Software Architectures and Methodologies/project/WeatherSt/src/main/java/it/unifi/sam/terreni/weatherSt/model/measure/UnitMeasureFamily.java
/Users/maurizio/Documents/UNIFI/Magistrale/Software Architectures and Methodologies/project/WeatherSt/src/main/java/it/unifi/sam/terreni/weatherSt/model/BaseEntity.java
/Users/maurizio/Documents/UNIFI/Magistrale/Software Architectures and Methodologies/project/WeatherSt/src/main/java/it/unifi/sam/terreni/weatherSt/model/measure/units/utils/HumidityUnits.java
/Users/maurizio/Documents/UNIFI/Magistrale/Software Architectures and Methodologies/project/WeatherSt/src/main/java/it/unifi/sam/terreni/weatherSt/model/measure/units/RainUnit.java
/Users/maurizio/Documents/UNIFI/Magistrale/Software Architectures and Methodologies/project/WeatherSt/src/main/java/it/unifi/sam/terreni/weatherSt/model/measure/units/utils/SpeedUnits.java
/Users/maurizio/Documents/UNIFI/Magistrale/Software Architectures and Methodologies/project/WeatherSt/src/main/java/it/unifi/sam/terreni/weatherSt/model/measure/units/utils/UVUnits.java
