/Users/maurizio/Documents/UNIFI/Magistrale/Software Architectures and Methodologies/project/WeatherSt/src/test/java/it/unifi/sam/terreni/weatherSt/exception/TestInitializationException.java
/Users/maurizio/Documents/UNIFI/Magistrale/Software Architectures and Methodologies/project/WeatherSt/src/test/java/it/unifi/sam/terreni/weatherSt/persistence/JpaIT.java
/Users/maurizio/Documents/UNIFI/Magistrale/Software Architectures and Methodologies/project/WeatherSt/src/test/java/it/unifi/sam/terreni/weatherSt/persistence/JpaTest.java
/Users/maurizio/Documents/UNIFI/Magistrale/Software Architectures and Methodologies/project/WeatherSt/src/test/java/it/unifi/sam/terreni/weatherSt/exception/TestPropertyInitializationException.java
/Users/maurizio/Documents/UNIFI/Magistrale/Software Architectures and Methodologies/project/WeatherSt/src/test/java/it/unifi/sam/terreni/weatherSt/persistence/JpaUnitTest.java
/Users/maurizio/Documents/UNIFI/Magistrale/Software Architectures and Methodologies/project/WeatherSt/src/test/java/it/unifi/sam/terreni/weatherSt/model/BaseEntityTest.java
